// Validating benchmarks:
// ***** BenchmarkRunner: Start   *****
// ***** Found 5 benchmark(s) in total *****
// ***** Building 1 exe(s) in Parallel: Start   *****
// start dotnet  restore --nodeReuse:false /p:UseSharedCompilation=false /p:Deterministic=true /p:Optimize=true /p:ArtifactsPath="/Users/kenny/Code/Light.PortableResults/benchmarks/Benchmarks/bin/Release/net10.0/Benchmarks-DefaultJob-1/" /p:OutDir="/Users/kenny/Code/Light.PortableResults/benchmarks/Benchmarks/bin/Release/net10.0/Benchmarks-DefaultJob-1/bin/Release/net10.0/" /p:OutputPath="/Users/kenny/Code/Light.PortableResults/benchmarks/Benchmarks/bin/Release/net10.0/Benchmarks-DefaultJob-1/bin/Release/net10.0/" /p:PublishDir="/Users/kenny/Code/Light.PortableResults/benchmarks/Benchmarks/bin/Release/net10.0/Benchmarks-DefaultJob-1/publish/" in /Users/kenny/Code/Light.PortableResults/benchmarks/Benchmarks/bin/Release/net10.0/Benchmarks-DefaultJob-1
// command took 0.83 sec and exited with 0
// start dotnet  build -c Release --no-restore --nodeReuse:false /p:UseSharedCompilation=false /p:Deterministic=true /p:Optimize=true /p:ArtifactsPath="/Users/kenny/Code/Light.PortableResults/benchmarks/Benchmarks/bin/Release/net10.0/Benchmarks-DefaultJob-1/" /p:OutDir="/Users/kenny/Code/Light.PortableResults/benchmarks/Benchmarks/bin/Release/net10.0/Benchmarks-DefaultJob-1/bin/Release/net10.0/" /p:OutputPath="/Users/kenny/Code/Light.PortableResults/benchmarks/Benchmarks/bin/Release/net10.0/Benchmarks-DefaultJob-1/bin/Release/net10.0/" /p:PublishDir="/Users/kenny/Code/Light.PortableResults/benchmarks/Benchmarks/bin/Release/net10.0/Benchmarks-DefaultJob-1/publish/" --output "/Users/kenny/Code/Light.PortableResults/benchmarks/Benchmarks/bin/Release/net10.0/Benchmarks-DefaultJob-1/bin/Release/net10.0/" in /Users/kenny/Code/Light.PortableResults/benchmarks/Benchmarks/bin/Release/net10.0/Benchmarks-DefaultJob-1
// command took 6.61 sec and exited with 0
// ***** Done, took 00:00:07 (7.49 sec)   *****
// Found 3 benchmarks:
//   ComplexValidationEndpointBenchmarks.FluentValidationEndpoint: DefaultJob
//   ComplexValidationEndpointBenchmarks.PortableResultsValidationEndpoint: DefaultJob
//   ComplexValidationEndpointBenchmarks.PortableResultsNestedValidationOnly: DefaultJob

// **************************
// Benchmark: ComplexValidationEndpointBenchmarks.FluentValidationEndpoint: DefaultJob
// *** Execute ***
// Launch: 1 / 1
// Execute: dotnet Benchmarks-DefaultJob-1.dll --anonymousPipes 133 134 --benchmarkName Benchmarks.ComplexValidationEndpointBenchmarks.FluentValidationEndpoint --job Default --benchmarkId 0 in /Users/kenny/Code/Light.PortableResults/benchmarks/Benchmarks/bin/Release/net10.0/Benchmarks-DefaultJob-1/bin/Release/net10.0
// Failed to set up high priority (Permission denied). In order to run benchmarks with high priority, make sure you have the right permissions.
// BeforeAnythingElse

// Benchmark Process Environment Information:
// BenchmarkDotNet v0.15.8
// Runtime=.NET 10.0.5 (10.0.5, 10.0.526.15411), Arm64 RyuJIT armv8.0-a
// GC=Concurrent Workstation
// HardwareIntrinsics=ArmBase+AdvSimd,AES,CRC32,DP,RDM,SHA1,SHA256 VectorSize=128
// Job: DefaultJob

OverheadJitting  1: 1 op, 89167.00 ns, 89.1670 us/op
WorkloadJitting  1: 1 op, 5547542.00 ns, 5.5475 ms/op

OverheadJitting  2: 16 op, 346375.00 ns, 21.6484 us/op
WorkloadJitting  2: 16 op, 401875.00 ns, 25.1172 us/op

WorkloadPilot    1: 16 op, 53667.00 ns, 3.3542 us/op
WorkloadPilot    2: 32 op, 63625.00 ns, 1.9883 us/op
WorkloadPilot    3: 64 op, 121917.00 ns, 1.9050 us/op
WorkloadPilot    4: 128 op, 225500.00 ns, 1.7617 us/op
WorkloadPilot    5: 256 op, 488750.00 ns, 1.9092 us/op
WorkloadPilot    6: 512 op, 886792.00 ns, 1.7320 us/op
WorkloadPilot    7: 1024 op, 1705292.00 ns, 1.6653 us/op
WorkloadPilot    8: 2048 op, 3742292.00 ns, 1.8273 us/op
WorkloadPilot    9: 4096 op, 7656375.00 ns, 1.8692 us/op
WorkloadPilot   10: 8192 op, 15589625.00 ns, 1.9030 us/op
WorkloadPilot   11: 16384 op, 30023375.00 ns, 1.8325 us/op
WorkloadPilot   12: 32768 op, 59351750.00 ns, 1.8113 us/op
WorkloadPilot   13: 65536 op, 69218667.00 ns, 1.0562 us/op
WorkloadPilot   14: 131072 op, 53080333.00 ns, 404.9708 ns/op
WorkloadPilot   15: 262144 op, 106082458.00 ns, 404.6725 ns/op
WorkloadPilot   16: 524288 op, 210862916.00 ns, 402.1891 ns/op
WorkloadPilot   17: 1048576 op, 418951833.00 ns, 399.5436 ns/op
WorkloadPilot   18: 2097152 op, 840988292.00 ns, 401.0145 ns/op

OverheadWarmup   1: 2097152 op, 3733250.00 ns, 1.7802 ns/op
OverheadWarmup   2: 2097152 op, 3921792.00 ns, 1.8701 ns/op
OverheadWarmup   3: 2097152 op, 4020375.00 ns, 1.9171 ns/op
OverheadWarmup   4: 2097152 op, 4030166.00 ns, 1.9217 ns/op
OverheadWarmup   5: 2097152 op, 3865167.00 ns, 1.8431 ns/op
OverheadWarmup   6: 2097152 op, 3785417.00 ns, 1.8050 ns/op
OverheadWarmup   7: 2097152 op, 3940000.00 ns, 1.8787 ns/op
OverheadWarmup   8: 2097152 op, 4152917.00 ns, 1.9803 ns/op
OverheadWarmup   9: 2097152 op, 4155125.00 ns, 1.9813 ns/op
OverheadWarmup  10: 2097152 op, 4072958.00 ns, 1.9421 ns/op

OverheadActual   1: 2097152 op, 3994708.00 ns, 1.9048 ns/op
OverheadActual   2: 2097152 op, 3987750.00 ns, 1.9015 ns/op
OverheadActual   3: 2097152 op, 3828667.00 ns, 1.8257 ns/op
OverheadActual   4: 2097152 op, 3984125.00 ns, 1.8998 ns/op
OverheadActual   5: 2097152 op, 4031083.00 ns, 1.9222 ns/op
OverheadActual   6: 2097152 op, 3946250.00 ns, 1.8817 ns/op
OverheadActual   7: 2097152 op, 3908958.00 ns, 1.8639 ns/op
OverheadActual   8: 2097152 op, 3762667.00 ns, 1.7942 ns/op
OverheadActual   9: 2097152 op, 3975416.00 ns, 1.8956 ns/op
OverheadActual  10: 2097152 op, 3846666.00 ns, 1.8342 ns/op
OverheadActual  11: 2097152 op, 3857917.00 ns, 1.8396 ns/op
OverheadActual  12: 2097152 op, 4146208.00 ns, 1.9771 ns/op
OverheadActual  13: 2097152 op, 3839167.00 ns, 1.8307 ns/op
OverheadActual  14: 2097152 op, 3797042.00 ns, 1.8106 ns/op
OverheadActual  15: 2097152 op, 4425834.00 ns, 2.1104 ns/op

WorkloadWarmup   1: 2097152 op, 846008666.00 ns, 403.4084 ns/op
WorkloadWarmup   2: 2097152 op, 834572166.00 ns, 397.9550 ns/op
WorkloadWarmup   3: 2097152 op, 843177500.00 ns, 402.0584 ns/op
WorkloadWarmup   4: 2097152 op, 865843625.00 ns, 412.8664 ns/op
WorkloadWarmup   5: 2097152 op, 861840625.00 ns, 410.9576 ns/op
WorkloadWarmup   6: 2097152 op, 853355500.00 ns, 406.9116 ns/op
WorkloadWarmup   7: 2097152 op, 854787042.00 ns, 407.5942 ns/op
WorkloadWarmup   8: 2097152 op, 873394708.00 ns, 416.4671 ns/op
WorkloadWarmup   9: 2097152 op, 834491709.00 ns, 397.9167 ns/op

// BeforeActualRun
WorkloadActual   1: 2097152 op, 842986000.00 ns, 401.9670 ns/op
WorkloadActual   2: 2097152 op, 834485125.00 ns, 397.9135 ns/op
WorkloadActual   3: 2097152 op, 839517333.00 ns, 400.3131 ns/op
WorkloadActual   4: 2097152 op, 832094917.00 ns, 396.7738 ns/op
WorkloadActual   5: 2097152 op, 838903125.00 ns, 400.0202 ns/op
WorkloadActual   6: 2097152 op, 833338708.00 ns, 397.3669 ns/op
WorkloadActual   7: 2097152 op, 840006209.00 ns, 400.5462 ns/op
WorkloadActual   8: 2097152 op, 834582125.00 ns, 397.9598 ns/op
WorkloadActual   9: 2097152 op, 837653334.00 ns, 399.4242 ns/op
WorkloadActual  10: 2097152 op, 834385292.00 ns, 397.8659 ns/op
WorkloadActual  11: 2097152 op, 857240167.00 ns, 408.7640 ns/op
WorkloadActual  12: 2097152 op, 834443250.00 ns, 397.8935 ns/op
WorkloadActual  13: 2097152 op, 839259750.00 ns, 400.1902 ns/op
WorkloadActual  14: 2097152 op, 850187708.00 ns, 405.4011 ns/op
WorkloadActual  15: 2097152 op, 858333250.00 ns, 409.2852 ns/op

// AfterActualRun
WorkloadResult   1: 2097152 op, 839039750.00 ns, 400.0853 ns/op
WorkloadResult   2: 2097152 op, 830538875.00 ns, 396.0318 ns/op
WorkloadResult   3: 2097152 op, 835571083.00 ns, 398.4313 ns/op
WorkloadResult   4: 2097152 op, 828148667.00 ns, 394.8921 ns/op
WorkloadResult   5: 2097152 op, 834956875.00 ns, 398.1385 ns/op
WorkloadResult   6: 2097152 op, 829392458.00 ns, 395.4851 ns/op
WorkloadResult   7: 2097152 op, 836059959.00 ns, 398.6645 ns/op
WorkloadResult   8: 2097152 op, 830635875.00 ns, 396.0781 ns/op
WorkloadResult   9: 2097152 op, 833707084.00 ns, 397.5425 ns/op
WorkloadResult  10: 2097152 op, 830439042.00 ns, 395.9842 ns/op
WorkloadResult  11: 2097152 op, 830497000.00 ns, 396.0118 ns/op
WorkloadResult  12: 2097152 op, 835313500.00 ns, 398.3085 ns/op
WorkloadResult  13: 2097152 op, 846241458.00 ns, 403.5194 ns/op
// GC:  585 2 0 4898947072 2097152
// Threading:  0 0 2097152

// AfterAll
// Benchmark Process 5837 has exited with code 0.

Mean = 397.629 ns, StdErr = 0.648 ns (0.16%), N = 13, StdDev = 2.337 ns
Min = 394.892 ns, Q1 = 396.012 ns, Median = 397.543 ns, Q3 = 398.431 ns, Max = 403.519 ns
IQR = 2.420 ns, LowerFence = 392.383 ns, UpperFence = 402.061 ns
ConfidenceInterval = [394.830 ns; 400.427 ns] (CI 99.9%), Margin = 2.799 ns (0.70% of Mean)
Skewness = 1.05, Kurtosis = 3.47, MValue = 2

// ** Remained 4 (80,0 %) benchmark(s) to run. Estimated finish 2026-04-01 8:03 (0h 1m from now) **
// **************************
// Benchmark: ComplexValidationEndpointBenchmarks.PortableResultsValidationEndpoint: DefaultJob
// *** Execute ***
// Launch: 1 / 1
// Execute: dotnet Benchmarks-DefaultJob-1.dll --anonymousPipes 133 134 --benchmarkName Benchmarks.ComplexValidationEndpointBenchmarks.PortableResultsValidationEndpoint --job Default --benchmarkId 1 in /Users/kenny/Code/Light.PortableResults/benchmarks/Benchmarks/bin/Release/net10.0/Benchmarks-DefaultJob-1/bin/Release/net10.0
// Failed to set up high priority (Permission denied). In order to run benchmarks with high priority, make sure you have the right permissions.
// BeforeAnythingElse

// Benchmark Process Environment Information:
// BenchmarkDotNet v0.15.8
// Runtime=.NET 10.0.5 (10.0.5, 10.0.526.15411), Arm64 RyuJIT armv8.0-a
// GC=Concurrent Workstation
// HardwareIntrinsics=ArmBase+AdvSimd,AES,CRC32,DP,RDM,SHA1,SHA256 VectorSize=128
// Job: DefaultJob

OverheadJitting  1: 1 op, 93584.00 ns, 93.5840 us/op

System.Reflection.TargetInvocationException: Exception has been thrown by the target of an invocation.
 ---> System.InvalidOperationException: Cannot access Value when no validated value is present.
   at Light.PortableResults.Validation.ValidatedValue`1.get_Value() in /Users/kenny/Code/Light.PortableResults/src/Light.PortableResults.Validation/ValidatedValue.cs:line 61
   at Benchmarks.PortableComplexRequestValidator.PerformValidation(ValidationContext context, ComplexRequest value) in /Users/kenny/Code/Light.PortableResults/benchmarks/Benchmarks/ValidationEndpointBenchmarks.cs:line 159
   at Light.PortableResults.Validation.Validator`2.ValidateChildValue(TSource value, ValidationContext context, ValidationTarget target, String displayName) in /Users/kenny/Code/Light.PortableResults/src/Light.PortableResults.Validation/Validator.cs:line 641
   at Light.PortableResults.Validation.Validator`2.Validate(TSource value, ValidationContext context, ValidationTarget target, String displayName) in /Users/kenny/Code/Light.PortableResults/src/Light.PortableResults.Validation/Validator.cs:line 406
   at Light.PortableResults.Validation.Validator`2.Validate(TSource value, String target, String displayName) in /Users/kenny/Code/Light.PortableResults/src/Light.PortableResults.Validation/Validator.cs:line 358
   at Benchmarks.ComplexValidationEndpointBenchmarks.MapComplexPortable(ComplexRequest request, PortableComplexRequestValidator validator) in /Users/kenny/Code/Light.PortableResults/benchmarks/Benchmarks/ValidationEndpointBenchmarks.cs:line 116
   at Benchmarks.ComplexValidationEndpointBenchmarks.PortableResultsValidationEndpoint() in /Users/kenny/Code/Light.PortableResults/benchmarks/Benchmarks/ValidationEndpointBenchmarks.cs:line 87
   at BenchmarkDotNet.Autogenerated.Runnable_1.WorkloadActionNoUnroll(Int64 invokeCount) in /Users/kenny/Code/Light.PortableResults/benchmarks/Benchmarks/bin/Release/net10.0/Benchmarks-DefaultJob-1/Benchmarks-DefaultJob-1.notcs:line 510
   at BenchmarkDotNet.Engines.Engine.Measure(Action`1 action, Int64 invokeCount)
   at BenchmarkDotNet.Engines.Engine.RunIteration(IterationData data)
   at BenchmarkDotNet.Engines.EngineFactory.Jit(Engine engine, Int32 jitIndex, Int32 invokeCount, Int32 unrollFactor)
   at BenchmarkDotNet.Engines.EngineFactory.CreateReadyToRun(EngineParameters engineParameters)
   at BenchmarkDotNet.Autogenerated.Runnable_1.Run(IHost host, String benchmarkName) in /Users/kenny/Code/Light.PortableResults/benchmarks/Benchmarks/bin/Release/net10.0/Benchmarks-DefaultJob-1/Benchmarks-DefaultJob-1.notcs:line 373
   at System.Reflection.MethodBaseInvoker.InterpretedInvoke_Method(Object obj, IntPtr* args)
   at System.Reflection.MethodBaseInvoker.InvokeDirectByRefWithFewArgs(Object obj, Span`1 copyOfArgs, BindingFlags invokeAttr)
   --- End of inner exception stack trace ---
   at System.Reflection.MethodBaseInvoker.InvokeDirectByRefWithFewArgs(Object obj, Span`1 copyOfArgs, BindingFlags invokeAttr)
   at System.Reflection.MethodBaseInvoker.InvokeWithFewArgs(Object obj, BindingFlags invokeAttr, Binder binder, Object[] parameters, CultureInfo culture)
   at System.Reflection.RuntimeMethodInfo.Invoke(Object obj, BindingFlags invokeAttr, Binder binder, Object[] parameters, CultureInfo culture)
   at BenchmarkDotNet.Autogenerated.UniqueProgramName.AfterAssemblyLoadingAttached(String[] args) in /Users/kenny/Code/Light.PortableResults/benchmarks/Benchmarks/bin/Release/net10.0/Benchmarks-DefaultJob-1/Benchmarks-DefaultJob-1.notcs:line 57
// AfterAll
No Workload Results were obtained from the run.
// Benchmark Process 5907 has exited with code 255.

// ** Remained 3 (60,0 %) benchmark(s) to run. Estimated finish 2026-04-01 8:02 (0h 0m from now) **
// **************************
// Benchmark: ComplexValidationEndpointBenchmarks.PortableResultsNestedValidationOnly: DefaultJob
// *** Execute ***
// Launch: 1 / 1
// Execute: dotnet Benchmarks-DefaultJob-1.dll --anonymousPipes 133 134 --benchmarkName Benchmarks.ComplexValidationEndpointBenchmarks.PortableResultsNestedValidationOnly --job Default --benchmarkId 2 in /Users/kenny/Code/Light.PortableResults/benchmarks/Benchmarks/bin/Release/net10.0/Benchmarks-DefaultJob-1/bin/Release/net10.0
// Failed to set up high priority (Permission denied). In order to run benchmarks with high priority, make sure you have the right permissions.
// BeforeAnythingElse

// Benchmark Process Environment Information:
// BenchmarkDotNet v0.15.8
// Runtime=.NET 10.0.5 (10.0.5, 10.0.526.15411), Arm64 RyuJIT armv8.0-a
// GC=Concurrent Workstation
// HardwareIntrinsics=ArmBase+AdvSimd,AES,CRC32,DP,RDM,SHA1,SHA256 VectorSize=128
// Job: DefaultJob

OverheadJitting  1: 1 op, 71458.00 ns, 71.4580 us/op

System.Reflection.TargetInvocationException: Exception has been thrown by the target of an invocation.
 ---> System.InvalidOperationException: Cannot access Value when no validated value is present.
   at Light.PortableResults.Validation.ValidatedValue`1.get_Value() in /Users/kenny/Code/Light.PortableResults/src/Light.PortableResults.Validation/ValidatedValue.cs:line 61
   at Benchmarks.PortableComplexRequestValidator.PerformValidation(ValidationContext context, ComplexRequest value) in /Users/kenny/Code/Light.PortableResults/benchmarks/Benchmarks/ValidationEndpointBenchmarks.cs:line 159
   at Light.PortableResults.Validation.Validator`2.ValidateChildValue(TSource value, ValidationContext context, ValidationTarget target, String displayName) in /Users/kenny/Code/Light.PortableResults/src/Light.PortableResults.Validation/Validator.cs:line 641
   at Light.PortableResults.Validation.Validator`2.Validate(TSource value, ValidationContext context, ValidationTarget target, String displayName) in /Users/kenny/Code/Light.PortableResults/src/Light.PortableResults.Validation/Validator.cs:line 406
   at Light.PortableResults.Validation.Validator`2.Validate(TSource value, String target, String displayName) in /Users/kenny/Code/Light.PortableResults/src/Light.PortableResults.Validation/Validator.cs:line 358
   at Benchmarks.ComplexValidationEndpointBenchmarks.PortableResultsNestedValidationOnly() in /Users/kenny/Code/Light.PortableResults/benchmarks/Benchmarks/ValidationEndpointBenchmarks.cs:line 91
   at BenchmarkDotNet.Autogenerated.Runnable_2.WorkloadActionNoUnroll(Int64 invokeCount) in /Users/kenny/Code/Light.PortableResults/benchmarks/Benchmarks/bin/Release/net10.0/Benchmarks-DefaultJob-1/Benchmarks-DefaultJob-1.notcs:line 707
   at BenchmarkDotNet.Engines.Engine.Measure(Action`1 action, Int64 invokeCount)
   at BenchmarkDotNet.Engines.Engine.RunIteration(IterationData data)
   at BenchmarkDotNet.Engines.EngineFactory.Jit(Engine engine, Int32 jitIndex, Int32 invokeCount, Int32 unrollFactor)
   at BenchmarkDotNet.Engines.EngineFactory.CreateReadyToRun(EngineParameters engineParameters)
   at BenchmarkDotNet.Autogenerated.Runnable_2.Run(IHost host, String benchmarkName) in /Users/kenny/Code/Light.PortableResults/benchmarks/Benchmarks/bin/Release/net10.0/Benchmarks-DefaultJob-1/Benchmarks-DefaultJob-1.notcs:line 570
   at System.Reflection.MethodBaseInvoker.InterpretedInvoke_Method(Object obj, IntPtr* args)
   at System.Reflection.MethodBaseInvoker.InvokeDirectByRefWithFewArgs(Object obj, Span`1 copyOfArgs, BindingFlags invokeAttr)
   --- End of inner exception stack trace ---
   at System.Reflection.MethodBaseInvoker.InvokeDirectByRefWithFewArgs(Object obj, Span`1 copyOfArgs, BindingFlags invokeAttr)
   at System.Reflection.MethodBaseInvoker.InvokeWithFewArgs(Object obj, BindingFlags invokeAttr, Binder binder, Object[] parameters, CultureInfo culture)
   at System.Reflection.RuntimeMethodInfo.Invoke(Object obj, BindingFlags invokeAttr, Binder binder, Object[] parameters, CultureInfo culture)
   at BenchmarkDotNet.Autogenerated.UniqueProgramName.AfterAssemblyLoadingAttached(String[] args) in /Users/kenny/Code/Light.PortableResults/benchmarks/Benchmarks/bin/Release/net10.0/Benchmarks-DefaultJob-1/Benchmarks-DefaultJob-1.notcs:line 57
// AfterAll
No Workload Results were obtained from the run.
// Benchmark Process 5913 has exited with code 255.

// ** Remained 2 (40,0 %) benchmark(s) to run. Estimated finish 2026-04-01 8:02 (0h 0m from now) **
// ***** BenchmarkRunner: Finish  *****

// * Export *
  BenchmarkDotNet.Artifacts/results/Benchmarks.ComplexValidationEndpointBenchmarks-report.csv
  BenchmarkDotNet.Artifacts/results/Benchmarks.ComplexValidationEndpointBenchmarks-report-github.md
  BenchmarkDotNet.Artifacts/results/Benchmarks.ComplexValidationEndpointBenchmarks-report.html

// * Detailed results *
ComplexValidationEndpointBenchmarks.FluentValidationEndpoint: DefaultJob
Runtime = .NET 10.0.5 (10.0.5, 10.0.526.15411), Arm64 RyuJIT armv8.0-a; GC = Concurrent Workstation
Mean = 397.629 ns, StdErr = 0.648 ns (0.16%), N = 13, StdDev = 2.337 ns
Min = 394.892 ns, Q1 = 396.012 ns, Median = 397.543 ns, Q3 = 398.431 ns, Max = 403.519 ns
IQR = 2.420 ns, LowerFence = 392.383 ns, UpperFence = 402.061 ns
ConfidenceInterval = [394.830 ns; 400.427 ns] (CI 99.9%), Margin = 2.799 ns (0.70% of Mean)
Skewness = 1.05, Kurtosis = 3.47, MValue = 2
-------------------- Histogram --------------------
[393.588 ns ; 404.824 ns) | @@@@@@@@@@@@@
---------------------------------------------------

ComplexValidationEndpointBenchmarks.PortableResultsValidationEndpoint: DefaultJob
Runtime = .NET 10.0.5 (10.0.5, 10.0.526.15411), Arm64 RyuJIT armv8.0-a; GC = Concurrent Workstation
There are not any results runs

ComplexValidationEndpointBenchmarks.PortableResultsNestedValidationOnly: DefaultJob
Runtime = .NET 10.0.5 (10.0.5, 10.0.526.15411), Arm64 RyuJIT armv8.0-a; GC = Concurrent Workstation
There are not any results runs

// * Summary *

BenchmarkDotNet v0.15.8, macOS Tahoe 26.4 (25E246) [Darwin 25.4.0]
Apple M3 Max, 1 CPU, 16 logical and 16 physical cores
.NET SDK 10.0.103
  [Host]     : .NET 10.0.5 (10.0.5, 10.0.526.15411), Arm64 RyuJIT armv8.0-a
  DefaultJob : .NET 10.0.5 (10.0.5, 10.0.526.15411), Arm64 RyuJIT armv8.0-a


| Method                              | Mean     | Error   | StdDev  | Ratio | RatioSD | Gen0   | Gen1   | Allocated | Alloc Ratio |
|------------------------------------ |---------:|--------:|--------:|------:|--------:|-------:|-------:|----------:|------------:|
| FluentValidationEndpoint            | 397.6 ns | 2.80 ns | 2.34 ns |  1.00 |    0.01 | 0.2789 | 0.0010 |   2.28 KB |        1.00 |
| PortableResultsValidationEndpoint   |       NA |      NA |      NA |     ? |       ? |     NA |     NA |        NA |           ? |
| PortableResultsNestedValidationOnly |       NA |      NA |      NA |     ? |       ? |     NA |     NA |        NA |           ? |

Benchmarks with issues:
  ComplexValidationEndpointBenchmarks.PortableResultsValidationEndpoint: DefaultJob
  ComplexValidationEndpointBenchmarks.PortableResultsNestedValidationOnly: DefaultJob

// * Warnings *
BaselineCustomAnalyzer
  Summary -> A question mark '?' symbol indicates that it was not possible to compute the (Ratio, RatioSD, Alloc Ratio) column(s) because the baseline or benchmark could not be found, or the baseline value is too close to zero.

// * Hints *
Outliers
  ComplexValidationEndpointBenchmarks.FluentValidationEndpoint: Default -> 2 outliers were removed (408.76 ns, 409.29 ns)

// * Legends *
  Mean        : Arithmetic mean of all measurements
  Error       : Half of 99.9% confidence interval
  StdDev      : Standard deviation of all measurements
  Ratio       : Mean of the ratio distribution ([Current]/[Baseline])
  RatioSD     : Standard deviation of the ratio distribution ([Current]/[Baseline])
  Gen0        : GC Generation 0 collects per 1000 operations
  Gen1        : GC Generation 1 collects per 1000 operations
  Allocated   : Allocated memory per single operation (managed only, inclusive, 1KB = 1024B)
  Alloc Ratio : Allocated memory ratio distribution ([Current]/[Baseline])
  1 ns        : 1 Nanosecond (0.000000001 sec)

// * Diagnostic Output - MemoryDiagnoser *


// ***** BenchmarkRunner: End *****
Run time: 00:00:23 (23.41 sec), executed benchmarks: 3

// Found 2 benchmarks:
//   SimpleValidationEndpointBenchmarks.FluentValidationEndpoint: DefaultJob
//   SimpleValidationEndpointBenchmarks.PortableResultsValidationEndpoint: DefaultJob

// **************************
// Benchmark: SimpleValidationEndpointBenchmarks.FluentValidationEndpoint: DefaultJob
// *** Execute ***
// Launch: 1 / 1
// Execute: dotnet Benchmarks-DefaultJob-1.dll --anonymousPipes 139 140 --benchmarkName Benchmarks.SimpleValidationEndpointBenchmarks.FluentValidationEndpoint --job Default --benchmarkId 3 in /Users/kenny/Code/Light.PortableResults/benchmarks/Benchmarks/bin/Release/net10.0/Benchmarks-DefaultJob-1/bin/Release/net10.0
// Failed to set up high priority (Permission denied). In order to run benchmarks with high priority, make sure you have the right permissions.
// BeforeAnythingElse

// Benchmark Process Environment Information:
// BenchmarkDotNet v0.15.8
// Runtime=.NET 10.0.5 (10.0.5, 10.0.526.15411), Arm64 RyuJIT armv8.0-a
// GC=Concurrent Workstation
// HardwareIntrinsics=ArmBase+AdvSimd,AES,CRC32,DP,RDM,SHA1,SHA256 VectorSize=128
// Job: DefaultJob

OverheadJitting  1: 1 op, 103750.00 ns, 103.7500 us/op
WorkloadJitting  1: 1 op, 4363291.00 ns, 4.3633 ms/op

OverheadJitting  2: 16 op, 351875.00 ns, 21.9922 us/op
WorkloadJitting  2: 16 op, 284375.00 ns, 17.7734 us/op

WorkloadPilot    1: 16 op, 18667.00 ns, 1.1667 us/op
WorkloadPilot    2: 32 op, 29458.00 ns, 920.5625 ns/op
WorkloadPilot    3: 64 op, 66125.00 ns, 1.0332 us/op
WorkloadPilot    4: 128 op, 108083.00 ns, 844.3984 ns/op
WorkloadPilot    5: 256 op, 219834.00 ns, 858.7266 ns/op
WorkloadPilot    6: 512 op, 420000.00 ns, 820.3125 ns/op
WorkloadPilot    7: 1024 op, 782625.00 ns, 764.2822 ns/op
WorkloadPilot    8: 2048 op, 1581959.00 ns, 772.4409 ns/op
WorkloadPilot    9: 4096 op, 3320084.00 ns, 810.5674 ns/op
WorkloadPilot   10: 8192 op, 7275250.00 ns, 888.0920 ns/op
WorkloadPilot   11: 16384 op, 12905209.00 ns, 787.6714 ns/op
WorkloadPilot   12: 32768 op, 24800250.00 ns, 756.8436 ns/op
WorkloadPilot   13: 65536 op, 48452750.00 ns, 739.3303 ns/op
WorkloadPilot   14: 131072 op, 86967625.00 ns, 663.5103 ns/op
WorkloadPilot   15: 262144 op, 91949833.00 ns, 350.7608 ns/op
WorkloadPilot   16: 524288 op, 78899791.00 ns, 150.4894 ns/op
WorkloadPilot   17: 1048576 op, 154385792.00 ns, 147.2338 ns/op
WorkloadPilot   18: 2097152 op, 306703334.00 ns, 146.2475 ns/op
WorkloadPilot   19: 4194304 op, 610531458.00 ns, 145.5620 ns/op

OverheadWarmup   1: 4194304 op, 7885625.00 ns, 1.8801 ns/op
OverheadWarmup   2: 4194304 op, 7897875.00 ns, 1.8830 ns/op
OverheadWarmup   3: 4194304 op, 7882709.00 ns, 1.8794 ns/op
OverheadWarmup   4: 4194304 op, 7806041.00 ns, 1.8611 ns/op
OverheadWarmup   5: 4194304 op, 8147458.00 ns, 1.9425 ns/op
OverheadWarmup   6: 4194304 op, 7969625.00 ns, 1.9001 ns/op

OverheadActual   1: 4194304 op, 7716083.00 ns, 1.8397 ns/op
OverheadActual   2: 4194304 op, 7954917.00 ns, 1.8966 ns/op
OverheadActual   3: 4194304 op, 7827125.00 ns, 1.8661 ns/op
OverheadActual   4: 4194304 op, 7874584.00 ns, 1.8774 ns/op
OverheadActual   5: 4194304 op, 8453250.00 ns, 2.0154 ns/op
OverheadActual   6: 4194304 op, 8299542.00 ns, 1.9788 ns/op
OverheadActual   7: 4194304 op, 8000750.00 ns, 1.9075 ns/op
OverheadActual   8: 4194304 op, 8444917.00 ns, 2.0134 ns/op
OverheadActual   9: 4194304 op, 7988792.00 ns, 1.9047 ns/op
OverheadActual  10: 4194304 op, 8651500.00 ns, 2.0627 ns/op
OverheadActual  11: 4194304 op, 7748209.00 ns, 1.8473 ns/op
OverheadActual  12: 4194304 op, 7942458.00 ns, 1.8936 ns/op
OverheadActual  13: 4194304 op, 7975375.00 ns, 1.9015 ns/op
OverheadActual  14: 4194304 op, 7603625.00 ns, 1.8128 ns/op
OverheadActual  15: 4194304 op, 8074542.00 ns, 1.9251 ns/op

WorkloadWarmup   1: 4194304 op, 611534708.00 ns, 145.8012 ns/op
WorkloadWarmup   2: 4194304 op, 611452792.00 ns, 145.7817 ns/op
WorkloadWarmup   3: 4194304 op, 608804459.00 ns, 145.1503 ns/op
WorkloadWarmup   4: 4194304 op, 609343209.00 ns, 145.2787 ns/op
WorkloadWarmup   5: 4194304 op, 606354792.00 ns, 144.5662 ns/op
WorkloadWarmup   6: 4194304 op, 606016708.00 ns, 144.4856 ns/op
WorkloadWarmup   7: 4194304 op, 607641334.00 ns, 144.8730 ns/op
WorkloadWarmup   8: 4194304 op, 606385125.00 ns, 144.5735 ns/op

// BeforeActualRun
WorkloadActual   1: 4194304 op, 611462750.00 ns, 145.7841 ns/op
WorkloadActual   2: 4194304 op, 607323125.00 ns, 144.7971 ns/op
WorkloadActual   3: 4194304 op, 602433500.00 ns, 143.6313 ns/op
WorkloadActual   4: 4194304 op, 606611417.00 ns, 144.6274 ns/op
WorkloadActual   5: 4194304 op, 600995041.00 ns, 143.2884 ns/op
WorkloadActual   6: 4194304 op, 606238208.00 ns, 144.5385 ns/op
WorkloadActual   7: 4194304 op, 604243334.00 ns, 144.0628 ns/op
WorkloadActual   8: 4194304 op, 605222833.00 ns, 144.2964 ns/op
WorkloadActual   9: 4194304 op, 604471792.00 ns, 144.1173 ns/op
WorkloadActual  10: 4194304 op, 609455583.00 ns, 145.3055 ns/op
WorkloadActual  11: 4194304 op, 604796125.00 ns, 144.1946 ns/op
WorkloadActual  12: 4194304 op, 605107167.00 ns, 144.2688 ns/op
WorkloadActual  13: 4194304 op, 604372750.00 ns, 144.0937 ns/op
WorkloadActual  14: 4194304 op, 605799000.00 ns, 144.4337 ns/op
WorkloadActual  15: 4194304 op, 604971791.00 ns, 144.2365 ns/op

// AfterActualRun
WorkloadResult   1: 4194304 op, 599347750.00 ns, 142.8956 ns/op
WorkloadResult   2: 4194304 op, 594458125.00 ns, 141.7299 ns/op
WorkloadResult   3: 4194304 op, 598636042.00 ns, 142.7260 ns/op
WorkloadResult   4: 4194304 op, 593019666.00 ns, 141.3869 ns/op
WorkloadResult   5: 4194304 op, 598262833.00 ns, 142.6370 ns/op
WorkloadResult   6: 4194304 op, 596267959.00 ns, 142.1614 ns/op
WorkloadResult   7: 4194304 op, 597247458.00 ns, 142.3949 ns/op
WorkloadResult   8: 4194304 op, 596496417.00 ns, 142.2158 ns/op
WorkloadResult   9: 4194304 op, 596820750.00 ns, 142.2932 ns/op
WorkloadResult  10: 4194304 op, 597131792.00 ns, 142.3673 ns/op
WorkloadResult  11: 4194304 op, 596397375.00 ns, 142.1922 ns/op
WorkloadResult  12: 4194304 op, 597823625.00 ns, 142.5323 ns/op
WorkloadResult  13: 4194304 op, 596996416.00 ns, 142.3350 ns/op
// GC:  561 1 0 4697620480 4194304
// Threading:  0 0 4194304

// AfterAll
// Benchmark Process 5918 has exited with code 0.

Mean = 142.297 ns, StdErr = 0.111 ns (0.08%), N = 13, StdDev = 0.399 ns
Min = 141.387 ns, Q1 = 142.192 ns, Median = 142.335 ns, Q3 = 142.532 ns, Max = 142.896 ns
IQR = 0.340 ns, LowerFence = 141.682 ns, UpperFence = 143.042 ns
ConfidenceInterval = [141.819 ns; 142.776 ns] (CI 99.9%), Margin = 0.478 ns (0.34% of Mean)
Skewness = -0.72, Kurtosis = 2.93, MValue = 2

// ** Remained 1 (20,0 %) benchmark(s) to run. Estimated finish 2026-04-01 8:02 (0h 0m from now) **
// **************************
// Benchmark: SimpleValidationEndpointBenchmarks.PortableResultsValidationEndpoint: DefaultJob
// *** Execute ***
// Launch: 1 / 1
// Execute: dotnet Benchmarks-DefaultJob-1.dll --anonymousPipes 139 140 --benchmarkName Benchmarks.SimpleValidationEndpointBenchmarks.PortableResultsValidationEndpoint --job Default --benchmarkId 4 in /Users/kenny/Code/Light.PortableResults/benchmarks/Benchmarks/bin/Release/net10.0/Benchmarks-DefaultJob-1/bin/Release/net10.0
// Failed to set up high priority (Permission denied). In order to run benchmarks with high priority, make sure you have the right permissions.
// BeforeAnythingElse

// Benchmark Process Environment Information:
// BenchmarkDotNet v0.15.8
// Runtime=.NET 10.0.5 (10.0.5, 10.0.526.15411), Arm64 RyuJIT armv8.0-a
// GC=Concurrent Workstation
// HardwareIntrinsics=ArmBase+AdvSimd,AES,CRC32,DP,RDM,SHA1,SHA256 VectorSize=128
// Job: DefaultJob

OverheadJitting  1: 1 op, 104583.00 ns, 104.5830 us/op
WorkloadJitting  1: 1 op, 9026708.00 ns, 9.0267 ms/op

OverheadJitting  2: 16 op, 352084.00 ns, 22.0053 us/op
WorkloadJitting  2: 16 op, 598250.00 ns, 37.3906 us/op

WorkloadPilot    1: 16 op, 32000.00 ns, 2.0000 us/op
WorkloadPilot    2: 32 op, 51750.00 ns, 1.6172 us/op
WorkloadPilot    3: 64 op, 132917.00 ns, 2.0768 us/op
WorkloadPilot    4: 128 op, 201375.00 ns, 1.5732 us/op
WorkloadPilot    5: 256 op, 356292.00 ns, 1.3918 us/op
WorkloadPilot    6: 512 op, 712458.00 ns, 1.3915 us/op
WorkloadPilot    7: 1024 op, 1440458.00 ns, 1.4067 us/op
WorkloadPilot    8: 2048 op, 2784083.00 ns, 1.3594 us/op
WorkloadPilot    9: 4096 op, 5422042.00 ns, 1.3237 us/op
WorkloadPilot   10: 8192 op, 10768458.00 ns, 1.3145 us/op
WorkloadPilot   11: 16384 op, 21732209.00 ns, 1.3264 us/op
WorkloadPilot   12: 32768 op, 43207875.00 ns, 1.3186 us/op
WorkloadPilot   13: 65536 op, 80806083.00 ns, 1.2330 us/op
WorkloadPilot   14: 131072 op, 128585666.00 ns, 981.0308 ns/op
WorkloadPilot   15: 262144 op, 124992875.00 ns, 476.8100 ns/op
WorkloadPilot   16: 524288 op, 87345833.00 ns, 166.5990 ns/op
WorkloadPilot   17: 1048576 op, 173469750.00 ns, 165.4336 ns/op
WorkloadPilot   18: 2097152 op, 347532917.00 ns, 165.7166 ns/op
WorkloadPilot   19: 4194304 op, 696229375.00 ns, 165.9940 ns/op

OverheadWarmup   1: 4194304 op, 7866666.00 ns, 1.8756 ns/op
OverheadWarmup   2: 4194304 op, 7891333.00 ns, 1.8814 ns/op
OverheadWarmup   3: 4194304 op, 8197625.00 ns, 1.9545 ns/op
OverheadWarmup   4: 4194304 op, 8462750.00 ns, 2.0177 ns/op
OverheadWarmup   5: 4194304 op, 7644875.00 ns, 1.8227 ns/op
OverheadWarmup   6: 4194304 op, 8151250.00 ns, 1.9434 ns/op
OverheadWarmup   7: 4194304 op, 8034375.00 ns, 1.9155 ns/op

OverheadActual   1: 4194304 op, 7764583.00 ns, 1.8512 ns/op
OverheadActual   2: 4194304 op, 7851375.00 ns, 1.8719 ns/op
OverheadActual   3: 4194304 op, 8099958.00 ns, 1.9312 ns/op
OverheadActual   4: 4194304 op, 8035459.00 ns, 1.9158 ns/op
OverheadActual   5: 4194304 op, 7943291.00 ns, 1.8938 ns/op
OverheadActual   6: 4194304 op, 8026000.00 ns, 1.9135 ns/op
OverheadActual   7: 4194304 op, 8288625.00 ns, 1.9762 ns/op
OverheadActual   8: 4194304 op, 8204166.00 ns, 1.9560 ns/op
OverheadActual   9: 4194304 op, 8076833.00 ns, 1.9257 ns/op
OverheadActual  10: 4194304 op, 8198500.00 ns, 1.9547 ns/op
OverheadActual  11: 4194304 op, 7818125.00 ns, 1.8640 ns/op
OverheadActual  12: 4194304 op, 7964666.00 ns, 1.8989 ns/op
OverheadActual  13: 4194304 op, 8021083.00 ns, 1.9124 ns/op
OverheadActual  14: 4194304 op, 7800375.00 ns, 1.8598 ns/op
OverheadActual  15: 4194304 op, 8073292.00 ns, 1.9248 ns/op

WorkloadWarmup   1: 4194304 op, 694828917.00 ns, 165.6601 ns/op
WorkloadWarmup   2: 4194304 op, 694771583.00 ns, 165.6465 ns/op
WorkloadWarmup   3: 4194304 op, 695491166.00 ns, 165.8180 ns/op
WorkloadWarmup   4: 4194304 op, 698375375.00 ns, 166.5057 ns/op
WorkloadWarmup   5: 4194304 op, 693048541.00 ns, 165.2356 ns/op
WorkloadWarmup   6: 4194304 op, 692007458.00 ns, 164.9874 ns/op
WorkloadWarmup   7: 4194304 op, 690858500.00 ns, 164.7135 ns/op
WorkloadWarmup   8: 4194304 op, 698572542.00 ns, 166.5527 ns/op
WorkloadWarmup   9: 4194304 op, 694580500.00 ns, 165.6009 ns/op

// BeforeActualRun
WorkloadActual   1: 4194304 op, 695220583.00 ns, 165.7535 ns/op
WorkloadActual   2: 4194304 op, 691420292.00 ns, 164.8474 ns/op
WorkloadActual   3: 4194304 op, 693322292.00 ns, 165.3009 ns/op
WorkloadActual   4: 4194304 op, 689961458.00 ns, 164.4996 ns/op
WorkloadActual   5: 4194304 op, 693083500.00 ns, 165.2440 ns/op
WorkloadActual   6: 4194304 op, 698958250.00 ns, 166.6446 ns/op
WorkloadActual   7: 4194304 op, 692765584.00 ns, 165.1682 ns/op
WorkloadActual   8: 4194304 op, 691664125.00 ns, 164.9056 ns/op
WorkloadActual   9: 4194304 op, 688521167.00 ns, 164.1562 ns/op
WorkloadActual  10: 4194304 op, 689500750.00 ns, 164.3898 ns/op
WorkloadActual  11: 4194304 op, 692782125.00 ns, 165.1721 ns/op
WorkloadActual  12: 4194304 op, 690612792.00 ns, 164.6549 ns/op
WorkloadActual  13: 4194304 op, 689119458.00 ns, 164.2989 ns/op
WorkloadActual  14: 4194304 op, 693022375.00 ns, 165.2294 ns/op
WorkloadActual  15: 4194304 op, 697581834.00 ns, 166.3165 ns/op

// AfterActualRun
WorkloadResult   1: 4194304 op, 687194583.00 ns, 163.8400 ns/op
WorkloadResult   2: 4194304 op, 683394292.00 ns, 162.9339 ns/op
WorkloadResult   3: 4194304 op, 685296292.00 ns, 163.3874 ns/op
WorkloadResult   4: 4194304 op, 681935458.00 ns, 162.5861 ns/op
WorkloadResult   5: 4194304 op, 685057500.00 ns, 163.3304 ns/op
WorkloadResult   6: 4194304 op, 684739584.00 ns, 163.2546 ns/op
WorkloadResult   7: 4194304 op, 683638125.00 ns, 162.9920 ns/op
WorkloadResult   8: 4194304 op, 680495167.00 ns, 162.2427 ns/op
WorkloadResult   9: 4194304 op, 681474750.00 ns, 162.4762 ns/op
WorkloadResult  10: 4194304 op, 684756125.00 ns, 163.2586 ns/op
WorkloadResult  11: 4194304 op, 682586792.00 ns, 162.7414 ns/op
WorkloadResult  12: 4194304 op, 681093458.00 ns, 162.3853 ns/op
WorkloadResult  13: 4194304 op, 684996375.00 ns, 163.3159 ns/op
// GC:  437 0 0 3657433088 4194304
// Threading:  0 0 4194304

// AfterAll
// Benchmark Process 5979 has exited with code 0.

Mean = 162.980 ns, StdErr = 0.131 ns (0.08%), N = 13, StdDev = 0.471 ns
Min = 162.243 ns, Q1 = 162.586 ns, Median = 162.992 ns, Q3 = 163.316 ns, Max = 163.840 ns
IQR = 0.730 ns, LowerFence = 161.491 ns, UpperFence = 164.411 ns
ConfidenceInterval = [162.417 ns; 163.544 ns] (CI 99.9%), Margin = 0.564 ns (0.35% of Mean)
Skewness = 0.01, Kurtosis = 1.76, MValue = 2

// ** Remained 0 (0,0 %) benchmark(s) to run. Estimated finish 2026-04-01 8:02 (0h 0m from now) **
// ***** BenchmarkRunner: Finish  *****

// * Export *
  BenchmarkDotNet.Artifacts/results/Benchmarks.SimpleValidationEndpointBenchmarks-report.csv
  BenchmarkDotNet.Artifacts/results/Benchmarks.SimpleValidationEndpointBenchmarks-report-github.md
  BenchmarkDotNet.Artifacts/results/Benchmarks.SimpleValidationEndpointBenchmarks-report.html

// * Detailed results *
SimpleValidationEndpointBenchmarks.FluentValidationEndpoint: DefaultJob
Runtime = .NET 10.0.5 (10.0.5, 10.0.526.15411), Arm64 RyuJIT armv8.0-a; GC = Concurrent Workstation
Mean = 142.297 ns, StdErr = 0.111 ns (0.08%), N = 13, StdDev = 0.399 ns
Min = 141.387 ns, Q1 = 142.192 ns, Median = 142.335 ns, Q3 = 142.532 ns, Max = 142.896 ns
IQR = 0.340 ns, LowerFence = 141.682 ns, UpperFence = 143.042 ns
ConfidenceInterval = [141.819 ns; 142.776 ns] (CI 99.9%), Margin = 0.478 ns (0.34% of Mean)
Skewness = -0.72, Kurtosis = 2.93, MValue = 2
-------------------- Histogram --------------------
[141.164 ns ; 143.119 ns) | @@@@@@@@@@@@@
---------------------------------------------------

SimpleValidationEndpointBenchmarks.PortableResultsValidationEndpoint: DefaultJob
Runtime = .NET 10.0.5 (10.0.5, 10.0.526.15411), Arm64 RyuJIT armv8.0-a; GC = Concurrent Workstation
Mean = 162.980 ns, StdErr = 0.131 ns (0.08%), N = 13, StdDev = 0.471 ns
Min = 162.243 ns, Q1 = 162.586 ns, Median = 162.992 ns, Q3 = 163.316 ns, Max = 163.840 ns
IQR = 0.730 ns, LowerFence = 161.491 ns, UpperFence = 164.411 ns
ConfidenceInterval = [162.417 ns; 163.544 ns] (CI 99.9%), Margin = 0.564 ns (0.35% of Mean)
Skewness = 0.01, Kurtosis = 1.76, MValue = 2
-------------------- Histogram --------------------
[161.980 ns ; 164.103 ns) | @@@@@@@@@@@@@
---------------------------------------------------

// * Summary *

BenchmarkDotNet v0.15.8, macOS Tahoe 26.4 (25E246) [Darwin 25.4.0]
Apple M3 Max, 1 CPU, 16 logical and 16 physical cores
.NET SDK 10.0.103
  [Host]     : .NET 10.0.5 (10.0.5, 10.0.526.15411), Arm64 RyuJIT armv8.0-a
  DefaultJob : .NET 10.0.5 (10.0.5, 10.0.526.15411), Arm64 RyuJIT armv8.0-a


| Method                            | Mean     | Error   | StdDev  | Ratio | Gen0   | Gen1   | Allocated | Alloc Ratio |
|---------------------------------- |---------:|--------:|--------:|------:|-------:|-------:|----------:|------------:|
| FluentValidationEndpoint          | 142.3 ns | 0.48 ns | 0.40 ns |  1.00 | 0.1338 | 0.0002 |    1120 B |        1.00 |
| PortableResultsValidationEndpoint | 163.0 ns | 0.56 ns | 0.47 ns |  1.15 | 0.1042 |      - |     872 B |        0.78 |

// * Hints *
Outliers
  SimpleValidationEndpointBenchmarks.FluentValidationEndpoint: Default          -> 2 outliers were removed, 3 outliers were detected (143.29 ns, 145.31 ns, 145.78 ns)
  SimpleValidationEndpointBenchmarks.PortableResultsValidationEndpoint: Default -> 2 outliers were removed (166.32 ns, 166.64 ns)

// * Legends *
  Mean        : Arithmetic mean of all measurements
  Error       : Half of 99.9% confidence interval
  StdDev      : Standard deviation of all measurements
  Ratio       : Mean of the ratio distribution ([Current]/[Baseline])
  Gen0        : GC Generation 0 collects per 1000 operations
  Gen1        : GC Generation 1 collects per 1000 operations
  Allocated   : Allocated memory per single operation (managed only, inclusive, 1KB = 1024B)
  Alloc Ratio : Allocated memory ratio distribution ([Current]/[Baseline])
  1 ns        : 1 Nanosecond (0.000000001 sec)

// * Diagnostic Output - MemoryDiagnoser *


// ***** BenchmarkRunner: End *****
Run time: 00:00:35 (35.69 sec), executed benchmarks: 2

Global total time: 00:01:06 (66.89 sec), executed benchmarks: 5
// * Artifacts cleanup *
Artifacts cleanup is finished
